// Jest Snapshot v1, https://goo.gl/fbAQLP

exports[`Text should match snapshot 1`] = `
<Text>
  <p
    className="md-text-wrapper"
    data-type="body-primary"
  >
    Hello
  </p>
</Text>
`;

exports[`Text should match snapshot with type 1`] = `
<Text
  type="label-compact"
>
  <small
    className="md-text-wrapper"
    data-type="label-compact"
  >
    Example Text
  </small>
</Text>
`;
