// Jest Snapshot v1, https://goo.gl/fbAQLP

exports[`tests for <CollapseButton /> should match SnapShot 1`] = `
<CollapseButton
  alignment="left"
  className=""
  collapse={true}
  onClick={null}
>
  <ContextTransform(Button)
    ariaLabel="expand"
    className="md-collapse-button md-collapse-button--left"
    onClick={[Function]}
  >
    <Button
      active={false}
      ariaLabel="expand"
      ariaLabelledBy=""
      ariaPressed={null}
      circle={false}
      className="md-collapse-button md-collapse-button--left"
      color=""
      containerLarge={false}
      disabled={false}
      eventKey=""
      expand={false}
      href=""
      id=""
      keyboardKey=""
      label=""
      large={false}
      loading={false}
      onClick={[Function]}
      parentKeyDown={null}
      parentOnSelect={null}
      preventKeyboardDoubleClick={false}
      removeStyle={false}
      size={36}
      style={Object {}}
      tag="button"
      type="button"
    >
      <Component
        name={[Function]}
      >
        <UID
          idSource={
            Object {
              "prefix": "",
              "uid": [Function],
              "value": 2,
            }
          }
          name={[Function]}
        >
          <button
            alt="expand"
            aria-label="expand"
            aria-pressed={null}
            className="md-button md-button--36 md-collapse-button md-collapse-button--left"
            data-md-event-key="md-button-1"
            disabled={false}
            id="md-button-1"
            onClick={[Function]}
            onKeyDown={[Function]}
            onKeyUp={[Function]}
            style={
              Object {
                "style": Object {},
              }
            }
            tabIndex={0}
            type="button"
          >
            <span
              className="md-button__children"
              key="child-1"
              style={
                Object {
                  "opacity": "1",
                }
              }
            >
              <Icon
                append={false}
                ariaLabel={null}
                buttonClassName=""
                buttonProps={null}
                className=""
                color=""
                description=""
                name="panel-control-right_12"
                onClick={null}
                prepend={false}
                size={null}
                sizeOverride={false}
                style={null}
                title=""
                type=""
              >
                <i
                  aria-label={null}
                  className="md-icon icon icon-panel-control-right_12"
                  style={
                    Object {
                      "fontSize": 12,
                    }
                  }
                />
              </Icon>
            </span>
          </button>
        </UID>
      </Component>
    </Button>
  </ContextTransform(Button)>
</CollapseButton>
`;
