// Jest Snapshot v1, https://goo.gl/fbAQLP

exports[`InputMessage snapshot should match snapshot 1`] = `
<InputMessage
  level="error"
  message="some message"
>
  <div
    className="md-input-message-wrapper"
  >
    <div
      className="md-input-message-message"
      message-level="error"
      role="alert"
    >
      <div
        className="md-input-message--icon"
      >
        <Icon
          fillColor="var(--mds-color-theme-text-error-normal)"
          name="warning"
          scale={16}
          weight="bold"
        >
          <div
            aria-hidden="true"
            className="md-icon-wrapper md-icon-auto-scales md-icon-scales md-icon-no-shrink"
            role="img"
          >
            <svg
              aria-hidden="true"
              className=""
              data-autoscale={false}
              data-scale={16}
              data-test="warning"
              height="100%"
              style={
                {
                  "fill": "var(--mds-color-theme-text-error-normal)",
                }
              }
              viewBox="0, 0, 32, 32"
              width="100%"
            />
          </div>
        </Icon>
      </div>
      <Text
        className="md-input-message--text"
        type="body-secondary"
      >
        <small
          className="md-text-wrapper md-input-message--text"
          data-type="body-secondary"
        >
          some message
        </small>
      </Text>
    </div>
  </div>
</InputMessage>
`;
